{"changed":[{"path":"group1\/baz","new_value":"bars","old_value":"bas"}],"removed":[{"path":"common\/setting2","value":200},{"path":"common\/setting6","value":{"key":"value"}},{"path":"group2","value":{"abc":12345}}],"added":[{"path":"common\/setting4","value":"blah blah"},{"path":"common\/setting5","value":{"key5":"value5"}},{"path":"group3","value":{"fee":100500}}]}